Creating C:/Users/windows/Documents/haxe/BeatEmUp/src/Export/windows/obj/obj/msvc1964-nc/__pch/haxe/hxcpp.pch...
hxcpp.cpp

Compiling group: haxe
cl.exe -Iinclude -nologo /WX- /fp:precise -DHX_WINDOWS -GR -O2(optim-std) -Zi(debug) -FdC:\Users\windows\Documents\haxe\BeatEmUp\src\Export\windows\obj\obj/msvc1964-nc/vc.pdb(debug) -Od(debug) -O2(release) -Os(optim-size) -FS -Oy- -c -EHs -GS- -IC:/Users/windows/haxelib/hxcpp/4,3,2/include -DHXCPP_M64 -DHXCPP_VISIT_ALLOCS(haxe) -DHX_SMART_STRINGS(haxe) -DHXCPP_API_LEVEL=430(haxe) -D_CRT_SECURE_NO_DEPRECATE -D_ALLOW_MSC_VER_MISMATCH -D_ALLOW_ITERATOR_DEBUG_LEVEL_MISMATCH -DHX_WIN_MAIN(main) -wd4996 ... tags=[haxe,static]
 - src/lime/utils/AssetCache.cpp  [haxe,release]
 - src/battle/entities/EntityPlayer.cpp 
 - src/ApplicationMain.cpp 
Link: ApplicationMain.exe
   Creating library ApplicationMain.lib and object ApplicationMain.exp
Source/haxe/Preloader.hx:76: 782,progress,0,200
Source/haxe/Preloader.hx:34: progress,update,0
Source/haxe/Preloader.hx:76: 785,progress,200,200
Source/haxe/Preloader.hx:34: progress,update,1
Source/haxe/Preloader.hx:42: progress,complete
Source/haxe/Preloader.hx:34: progress,update,1
Source/haxe/Preloader.hx:34: progress,update,0
Source/haxe/Preloader.hx:51: loading...,swf-Intro
Source/haxe/Preloader.hx:51: loading...,swf-MainMenuReal
Source/haxe/Preloader.hx:51: loading...,swf-MissionSelect
Source/haxe/Preloader.hx:58: loaded,1298,swf-Intro,1
Source/haxe/Preloader.hx:76: 1298,progress,1,3
Source/haxe/Preloader.hx:34: progress,update,0.333333333333333
Source/haxe/Preloader.hx:58: loaded,1333,swf-MainMenuReal,2
Source/haxe/Preloader.hx:76: 1333,progress,2,3
Source/haxe/Preloader.hx:34: progress,update,0.666666666666667
Source/haxe/Preloader.hx:58: loaded,1365,swf-MissionSelect,3
Source/haxe/Preloader.hx:76: 1365,progress,3,3
Source/haxe/Preloader.hx:34: progress,update,1
Source/haxe/scenes/ScenePractice.hx:100: 1365,preloading the assets...,[swf-Dojo,swf-LevelSelectBack,swf-HeadsUpDisplay,swf-PoliceSprites,swf-DummySprites,swf-BaldySprites]
Source/haxe/scenes/ScenePractice.hx:120: 1365,preloading...,swf-Dojo
Source/haxe/scenes/ScenePractice.hx:120: 1366,preloading...,swf-LevelSelectBack
Source/haxe/scenes/ScenePractice.hx:120: 1366,preloading...,swf-HeadsUpDisplay
Source/haxe/scenes/ScenePractice.hx:120: 1366,preloading...,swf-PoliceSprites
Source/haxe/scenes/ScenePractice.hx:120: 1366,preloading...,swf-DummySprites
Source/haxe/scenes/ScenePractice.hx:120: 1366,preloading...,swf-BaldySprites
Source/haxe/scenes/ScenePractice.hx:66: 1366,Setting up the ui...
Source/haxe/uicomponents/UiDebugComponent.hx:20: new,UiDebugComponent
Source/haxe/uicomponents/UiDebugComponent.hx:24: [object TabView]
Source/haxe/scenes/ScenePractice.hx:80: 1387,Setup the ui...
Source/haxe/scenes/ScenePractice.hx:214: 1387,WARNING: Not done loading yet, some assets may be blank!
Source/haxe/battle/entities/EntityPlayer.hx:29: 1387,WARNING,The police sprite library has not been loaded, the sprites may be blank until it loads!
Source/haxe/uicomponents/UiDebugDefaultComponent.hx:60: UiDebugDefaultComponent,[object TextField],[object TextField],[object TextField],[object TextField],[object TextField],[object TextField],[object TextField]
Source/haxe/uicomponents/UiDebugDefaultComponent.hx:96: TITLE,Player,Player
Source/haxe/battle/entities/EntityDummy.hx:32: 1397,WARNING,The swf-DummySprites sprite library has not been loaded, the sprites may be blank until it loads!
Source/haxe/uicomponents/UiDebugDefaultComponent.hx:60: UiDebugDefaultComponent,[object TextField],[object TextField],[object TextField],[object TextField],[object TextField],[object TextField],[object TextField]
Source/haxe/uicomponents/UiDebugDefaultComponent.hx:96: TITLE,Dummy 1,Dummy 1
Source/haxe/scenes/ScenePractice.hx:127: 1442,77,loaded assets (library),swf-Dojo,[,DojoUnused,DojoWall,DojoFloor]
Source/haxe/scenes/ScenePractice.hx:127: 1444,79,loaded assets (library),swf-LevelSelectBack,[,LevelSelectBack]
Source/haxe/scenes/ScenePractice.hx:127: 1446,81,loaded assets (library),swf-HeadsUpDisplay,[,HeadsUpDisplay]
Source/haxe/scenes/ScenePractice.hx:127: 1744,379,loaded assets (library),swf-PoliceSprites,[,cophead4,cophead5,PolicePunch1,PoliceSkid,PoliceIdle,PolicePunch2,PoliceJumpKick,PoliceDropKick,PoliceGetUp,PoliceSlide,PoliceHurtBack,PoliceJumpStomp,PoliceHurtFly,PoliceWalk,PoliceJump,PoliceHurtFront,PoliceQuickTurn,cophead1,PoliceFloored,PoliceKick1,PoliceRun,PoliceKick2,PoliceUpperCut,cophead2,PoliceArresting,PoliceKick3,cophead3]
Source/haxe/scenes/ScenePractice.hx:127: 1756,391,loaded assets (library),swf-DummySprites,[,DummyHead,DummyIdle,DummyHit3,DummyHit1,DummyHit2]
Source/haxe/scenes/ScenePractice.hx:127: 1810,445,loaded assets (library),swf-BaldySprites,[,BaldyHurt1,BaldyDisappear,BaldyHurt2,BaldyFloored,BaldyAttack,BaldyHurt3,BaldyHurtFly,BaldyArresting,BaldyWalk,BaldyRam,BaldyIdle,BaldyRamStart,BaldyRamSkid,BaldyGetUp]
Source/haxe/scenes/ScenePractice.hx:221: dojo,[object MovieClip],[object MovieClip]
Source/haxe/battle/entities/EntityPlayer.hx:35: size,421.15,694.186758928955
Source/haxe/uicomponents/UiDebugDefaultComponent.hx:60: UiDebugDefaultComponent,[object TextField],[object TextField],[object TextField],[object TextField],[object TextField],[object TextField],[object TextField]
Source/haxe/uicomponents/UiDebugDefaultComponent.hx:96: TITLE,Dummy 2,Dummy 2
Source/haxe/uicomponents/UiDebugDefaultComponent.hx:60: UiDebugDefaultComponent,[object TextField],[object TextField],[object TextField],[object TextField],[object TextField],[object TextField],[object TextField]
Source/haxe/uicomponents/UiDebugDefaultComponent.hx:96: TITLE,Dummy 3,Dummy 3
Source/haxe/uicomponents/UiDebugDefaultComponent.hx:60: UiDebugDefaultComponent,[object TextField],[object TextField],[object TextField],[object TextField],[object TextField],[object TextField],[object TextField]
Source/haxe/uicomponents/UiDebugDefaultComponent.hx:96: TITLE,Dummy 4,Dummy 4
Source/haxe/uicomponents/UiDebugDefaultComponent.hx:60: UiDebugDefaultComponent,[object TextField],[object TextField],[object TextField],[object TextField],[object TextField],[object TextField],[object TextField]
Source/haxe/uicomponents/UiDebugDefaultComponent.hx:96: TITLE,Dummy 5,Dummy 5
Source/haxe/uicomponents/UiDebugDefaultComponent.hx:60: UiDebugDefaultComponent,[object TextField],[object TextField],[object TextField],[object TextField],[object TextField],[object TextField],[object TextField]
Source/haxe/uicomponents/UiDebugDefaultComponent.hx:96: TITLE,Dummy 6,Dummy 6
Source/haxe/uicomponents/UiDebugDefaultComponent.hx:60: UiDebugDefaultComponent,[object TextField],[object TextField],[object TextField],[object TextField],[object TextField],[object TextField],[object TextField]
Source/haxe/uicomponents/UiDebugDefaultComponent.hx:96: TITLE,Dummy 7,Dummy 7
Source/haxe/uicomponents/UiDebugDefaultComponent.hx:60: UiDebugDefaultComponent,[object TextField],[object TextField],[object TextField],[object TextField],[object TextField],[object TextField],[object TextField]
Source/haxe/uicomponents/UiDebugDefaultComponent.hx:96: TITLE,Dummy 8,Dummy 8
Source/haxe/uicomponents/UiDebugDefaultComponent.hx:60: UiDebugDefaultComponent,[object TextField],[object TextField],[object TextField],[object TextField],[object TextField],[object TextField],[object TextField]
Source/haxe/uicomponents/UiDebugDefaultComponent.hx:96: TITLE,Dummy 9,Dummy 9
Source/haxe/uicomponents/UiDebugDefaultComponent.hx:60: UiDebugDefaultComponent,[object TextField],[object TextField],[object TextField],[object TextField],[object TextField],[object TextField],[object TextField]
Source/haxe/uicomponents/UiDebugDefaultComponent.hx:96: TITLE,Dummy 10,Dummy 10
Source/haxe/uicomponents/UiDebugDefaultComponent.hx:60: UiDebugDefaultComponent,[object TextField],[object TextField],[object TextField],[object TextField],[object TextField],[object TextField],[object TextField]
Source/haxe/uicomponents/UiDebugDefaultComponent.hx:96: TITLE,Dummy 11,Dummy 11
Source/haxe/uicomponents/UiDebugDefaultComponent.hx:60: UiDebugDefaultComponent,[object TextField],[object TextField],[object TextField],[object TextField],[object TextField],[object TextField],[object TextField]
Source/haxe/uicomponents/UiDebugDefaultComponent.hx:96: TITLE,Dummy 12,Dummy 12
Source/haxe/uicomponents/UiDebugDefaultComponent.hx:60: UiDebugDefaultComponent,[object TextField],[object TextField],[object TextField],[object TextField],[object TextField],[object TextField],[object TextField]
Source/haxe/uicomponents/UiDebugDefaultComponent.hx:96: TITLE,Dummy 13,Dummy 13
Source/haxe/uicomponents/UiDebugDefaultComponent.hx:60: UiDebugDefaultComponent,[object TextField],[object TextField],[object TextField],[object TextField],[object TextField],[object TextField],[object TextField]
Source/haxe/uicomponents/UiDebugDefaultComponent.hx:96: TITLE,Dummy 14,Dummy 14
Source/haxe/uicomponents/UiDebugDefaultComponent.hx:60: UiDebugDefaultComponent,[object TextField],[object TextField],[object TextField],[object TextField],[object TextField],[object TextField],[object TextField]
Source/haxe/uicomponents/UiDebugDefaultComponent.hx:96: TITLE,Dummy 15,Dummy 15
Source/haxe/uicomponents/UiDebugDefaultComponent.hx:60: UiDebugDefaultComponent,[object TextField],[object TextField],[object TextField],[object TextField],[object TextField],[object TextField],[object TextField]
Source/haxe/uicomponents/UiDebugDefaultComponent.hx:96: TITLE,Dummy 16,Dummy 16
Source/haxe/uicomponents/UiDebugDefaultComponent.hx:60: UiDebugDefaultComponent,[object TextField],[object TextField],[object TextField],[object TextField],[object TextField],[object TextField],[object TextField]
Source/haxe/uicomponents/UiDebugDefaultComponent.hx:96: TITLE,Dummy 17,Dummy 17
Source/haxe/uicomponents/UiDebugDefaultComponent.hx:60: UiDebugDefaultComponent,[object TextField],[object TextField],[object TextField],[object TextField],[object TextField],[object TextField],[object TextField]
Source/haxe/uicomponents/UiDebugDefaultComponent.hx:96: TITLE,Dummy 18,Dummy 18
Source/haxe/uicomponents/UiDebugDefaultComponent.hx:60: UiDebugDefaultComponent,[object TextField],[object TextField],[object TextField],[object TextField],[object TextField],[object TextField],[object TextField]
Source/haxe/uicomponents/UiDebugDefaultComponent.hx:96: TITLE,Dummy 19,Dummy 19
Source/haxe/uicomponents/UiDebugDefaultComponent.hx:60: UiDebugDefaultComponent,[object TextField],[object TextField],[object TextField],[object TextField],[object TextField],[object TextField],[object TextField]
Source/haxe/uicomponents/UiDebugDefaultComponent.hx:96: TITLE,Dummy 20,Dummy 20
Source/haxe/uicomponents/UiDebugDefaultComponent.hx:60: UiDebugDefaultComponent,[object TextField],[object TextField],[object TextField],[object TextField],[object TextField],[object TextField],[object TextField]
Source/haxe/uicomponents/UiDebugDefaultComponent.hx:96: TITLE,Dummy 21,Dummy 21
Source/haxe/uicomponents/UiDebugDefaultComponent.hx:60: UiDebugDefaultComponent,[object TextField],[object TextField],[object TextField],[object TextField],[object TextField],[object TextField],[object TextField]
Source/haxe/uicomponents/UiDebugDefaultComponent.hx:96: TITLE,Dummy 22,Dummy 22
Source/haxe/uicomponents/UiDebugDefaultComponent.hx:60: UiDebugDefaultComponent,[object TextField],[object TextField],[object TextField],[object TextField],[object TextField],[object TextField],[object TextField]
Source/haxe/uicomponents/UiDebugDefaultComponent.hx:96: TITLE,Dummy 23,Dummy 23
Source/haxe/uicomponents/UiDebugDefaultComponent.hx:60: UiDebugDefaultComponent,[object TextField],[object TextField],[object TextField],[object TextField],[object TextField],[object TextField],[object TextField]
Source/haxe/uicomponents/UiDebugDefaultComponent.hx:96: TITLE,Dummy 24,Dummy 24
Source/haxe/uicomponents/UiDebugDefaultComponent.hx:60: UiDebugDefaultComponent,[object TextField],[object TextField],[object TextField],[object TextField],[object TextField],[object TextField],[object TextField]
Source/haxe/uicomponents/UiDebugDefaultComponent.hx:96: TITLE,Dummy 25,Dummy 25
Source/haxe/uicomponents/UiDebugDefaultComponent.hx:60: UiDebugDefaultComponent,[object TextField],[object TextField],[object TextField],[object TextField],[object TextField],[object TextField],[object TextField]
Source/haxe/uicomponents/UiDebugDefaultComponent.hx:96: TITLE,Dummy 26,Dummy 26
Source/haxe/uicomponents/UiDebugDefaultComponent.hx:60: UiDebugDefaultComponent,[object TextField],[object TextField],[object TextField],[object TextField],[object TextField],[object TextField],[object TextField]
Source/haxe/uicomponents/UiDebugDefaultComponent.hx:96: TITLE,Dummy 27,Dummy 27
Source/haxe/uicomponents/UiDebugDefaultComponent.hx:60: UiDebugDefaultComponent,[object TextField],[object TextField],[object TextField],[object TextField],[object TextField],[object TextField],[object TextField]
Source/haxe/uicomponents/UiDebugDefaultComponent.hx:96: TITLE,Dummy 28,Dummy 28
Source/haxe/uicomponents/UiDebugDefaultComponent.hx:60: UiDebugDefaultComponent,[object TextField],[object TextField],[object TextField],[object TextField],[object TextField],[object TextField],[object TextField]
Source/haxe/uicomponents/UiDebugDefaultComponent.hx:96: TITLE,Dummy 29,Dummy 29
Source/haxe/uicomponents/UiDebugDefaultComponent.hx:60: UiDebugDefaultComponent,[object TextField],[object TextField],[object TextField],[object TextField],[object TextField],[object TextField],[object TextField]
Source/haxe/uicomponents/UiDebugDefaultComponent.hx:96: TITLE,Dummy 30,Dummy 30
Source/haxe/uicomponents/UiDebugDefaultComponent.hx:60: UiDebugDefaultComponent,[object TextField],[object TextField],[object TextField],[object TextField],[object TextField],[object TextField],[object TextField]
Source/haxe/uicomponents/UiDebugDefaultComponent.hx:96: TITLE,Dummy 31,Dummy 31
Source/haxe/uicomponents/UiDebugDefaultComponent.hx:60: UiDebugDefaultComponent,[object TextField],[object TextField],[object TextField],[object TextField],[object TextField],[object TextField],[object TextField]
Source/haxe/uicomponents/UiDebugDefaultComponent.hx:96: TITLE,Dummy 32,Dummy 32
Source/haxe/uicomponents/UiDebugDefaultComponent.hx:60: UiDebugDefaultComponent,[object TextField],[object TextField],[object TextField],[object TextField],[object TextField],[object TextField],[object TextField]
Source/haxe/uicomponents/UiDebugDefaultComponent.hx:96: TITLE,Dummy 33,Dummy 33
